// Jest Snapshot v1, https://goo.gl/fbAQLP

exports[`Should render Home correctly 1`] = `ShallowWrapper {}`;
